// Jest Snapshot v1, https://goo.gl/fbAQLP

exports[`renders correctly 1`] = `
<View
  style={
    Object {
      "alignItems": "center",
      "backgroundColor": "red",
      "flex": 1,
      "height": 200,
      "justifyContent": "center",
      "width": 200,
    }
  }
>
  <Text
    style={
      Object {
        "color": "green",
        "fontSize": 30,
      }
    }
  >
    Hello !
  </Text>
</View>
`;
